---------- Input ----------
drop database default
---------- Output ---------
++
++


