---------- Input ----------
/*!40101*/select number from numbers_mt(1)
---------- Output ---------
+--------+
| number |
+--------+
| 0      |
+--------+


