---------- Input ----------
select * from default.default_value_table
---------- Output ---------
+---+---+
| a | b |
+---+---+
| a | b |
| a | b |
+---+---+


---------- Input ----------
select * from default.output_table
---------- Output ---------
+---+---+---+---+---+
| a | b | c | d | e |
+---+---+---+---+---+
| 1 | 1 | 1 | 1 | 1 |
| 2 | 2 | 2 | 2 | 2 |
+---+---+---+---+---+


