---------- Input ----------
select number from numbers_mt(10)
---------- Output ---------
+--------+
| number |
+--------+
| 0      |
| 1      |
| 2      |
| 3      |
| 4      |
| 5      |
| 6      |
| 7      |
| 8      |
| 9      |
+--------+


---------- Input ----------
select 1 + 1, 2 + 2, 3 * 3, 4 * 4
---------- Output ---------
+---------+---------+---------+---------+
| (1 + 1) | (2 + 2) | (3 * 3) | (4 * 4) |
+---------+---------+---------+---------+
| 2       | 4       | 9       | 16      |
+---------+---------+---------+---------+


