---------- Input ----------
show tables
---------- Output ---------
+---------------+
| Tables_in_db1 |
+---------------+
| bend          |
| data          |
+---------------+
