---------- Input ----------
SHOW GRANTS FOR 'test'@'localhost'
---------- Output ---------
+--------+
| Grants |
+--------+
+--------+


---------- Input ----------
SHOW GRANTS FOR ROLE 'role1'
---------- Output ---------
+--------+
| Grants |
+--------+
+--------+


---------- Input ----------
SHOW GRANTS FOR ROLE 'role2'
---------- Output ---------
+-------------------------------------+
| Grants                              |
+-------------------------------------+
| GRANT SELECT ON 'mydb'.* TO 'role2' |
+-------------------------------------+


---------- Input ----------
SHOW GRANTS FOR 'test'@'localhost'
---------- Output ---------
+------------------------------------------------+
| Grants                                         |
+------------------------------------------------+
| GRANT SELECT ON 'mydb'.* TO 'test'@'localhost' |
+------------------------------------------------+


---------- Input ----------
SHOW GRANTS FOR 'test'@'localhost'
---------- Output ---------
+-------------------------------------------------------+
| Grants                                                |
+-------------------------------------------------------+
| GRANT CREATE,SELECT ON 'mydb'.* TO 'test'@'localhost' |
+-------------------------------------------------------+


---------- Input ----------
SHOW GRANTS FOR ROLE 'role1'
---------- Output ---------
+-------------------------------------+
| Grants                              |
+-------------------------------------+
| GRANT SELECT ON 'mydb'.* TO 'role1' |
+-------------------------------------+


---------- Input ----------
SHOW GRANTS FOR ROLE 'role1'
---------- Output ---------
+--------------------------------------+
| Grants                               |
+--------------------------------------+
| GRANT CREATE ON 'mydb1'.* TO 'role1' |
| GRANT SELECT ON 'mydb'.* TO 'role1'  |
+--------------------------------------+


