---------- Input ----------
show roles
---------- Output ---------
+------+-----------------+
| name | inherited_roles |
+------+-----------------+
| test | 0               |
+------+-----------------+


