---------- Input ----------
show users
---------- Output ---------
+------+-----------+----------------------+------------------------------------------+
| name | hostname  | auth_type            | auth_string                              |
+------+-----------+----------------------+------------------------------------------+
| test | localhost | double_sha1_password | 2470c0c06dee42fd1618bb99005adca2ec9d1e19 |
+------+-----------+----------------------+------------------------------------------+


