---------- Input ----------
RENAME TABLE a TO b
---------- Output ---------
++
++


---------- Input ----------
DROP TABLE b
---------- Output ---------
++
++


