---------- Input ----------
DROP TABLE a
---------- Output ---------
++
++


