---------- Input ----------
DESCRIBE a
---------- Output ---------
+-------+----------+------+---------+-------+
| Field | Type     | Null | Default | Extra |
+-------+----------+------+---------+-------+
| a     | BIGINT   | NO   | 0       |       |
| b     | INT      | NO   | 0       |       |
| c     | VARCHAR  | NO   |         |       |
| d     | SMALLINT | NO   | 0       |       |
| e     | DATE     | NO   | 0       |       |
+-------+----------+------+---------+-------+


---------- Input ----------
show fields from a
---------- Output ---------
+-------+----------+------+---------+-------+
| Field | Type     | Null | Default | Extra |
+-------+----------+------+---------+-------+
| a     | BIGINT   | NO   | 0       |       |
| b     | INT      | NO   | 0       |       |
| c     | VARCHAR  | NO   |         |       |
| d     | SMALLINT | NO   | 0       |       |
| e     | DATE     | NO   | 0       |       |
+-------+----------+------+---------+-------+


