---------- Input ----------
SELECT * FROM default.a
---------- Output ---------
+-----+-----+
| a   | b   |
+-----+-----+
| 1,1 | 2,2 |
+-----+-----+


---------- Input ----------
TRUNCATE TABLE default.a
---------- Output ---------
++
++


---------- Input ----------
SELECT * FROM default.a
---------- Output ---------
++
++


